// Jest Snapshot v1, https://goo.gl/fbAQLP

exports[`MainWeather functional rendered properly should has city weather 1`] = `
<div
  className="weather container"
>
  <div
    className="main-weather container"
  >
    <div
      className="row"
    >
      <div
        className="col"
      >
        <div
          className="cityName row"
        >
          Moscow
        </div>
        <div
          className="row"
        >
          <div
            className="col"
          >
            <img
              alt="Weather icon"
              className="image"
              src="https://openweathermap.org/img/wn/04n.png"
            />
          </div>
          <div
            className="temp col"
          >
            2.1
            â„ƒ
          </div>
        </div>
      </div>
      <div
        className="col"
      >
        <div
          className="param"
        >
          <div
            className="name"
          >
            Wind
          </div>
          <div
            className="value"
          >
            2 m/s
          </div>
        </div>
        <div
          className="param"
        >
          <div
            className="name"
          >
            Cloudness
          </div>
          <div
            className="value"
          >
            overcast clouds
          </div>
        </div>
        <div
          className="param"
        >
          <div
            className="name"
          >
            Pressure
          </div>
          <div
            className="value"
          >
            1003 hPa
          </div>
        </div>
        <div
          className="param"
        >
          <div
            className="name"
          >
            Humidity
          </div>
          <div
            className="value"
          >
            69%
          </div>
        </div>
        <div
          className="param"
        >
          <div
            className="name"
          >
            Coords
          </div>
          <div
            className="value"
          >
            37.62, 55.75
          </div>
        </div>
      </div>
    </div>
  </div>
</div>
`;

exports[`MainWeather functional rendered properly should has loader 1`] = `
<div
  className="container"
>
  <h1>
    Please, wait, weather is loading...
  </h1>
  <img
    alt="Weather is loading"
    src="https://anatomised.com/wp-content/uploads/2016/05/spinner-test4.gif"
    width="100px"
  />
</div>
`;
